   1: 0000: \******************************************************************************
   2: 0000: \***
   3: 0000: \***            %INCLUDE FOR BOOTS ERROR MESSAGE FILE FUNCTIONS
   4: 0000: \***
   5: 0000: \***                       REFERENCE : BEMFFNS.J86
   6: 0000: \***
   7: 0000: \***    Version A                 Mark Walker                 1st November 1993
   8: 0000: \***
   9: 0000: \***    Version B       Stuart William McConnachie          25th September 2000
  10: 0000: \***    READ.BEMF function has got lost!
  11: 0000: \***
  12: 0000: \******************************************************************************
  13: 0000: 
  14: 0000:         %INCLUDE BEMFDEC.J86
  15: 0000: \******************************************************************************
  16: 0000: \***
  17: 0000: \***	   %INCLUDE FOR BOOTS ERROR MESSAGE FILE - FIELD DECLARATIONS
  18: 0000: \***                                             - FILE REFERENCE PARAMETERS
  19: 0000: \***
  20: 0000: \***                         FILE TYPE : Direct
  21: 0000: \***
  22: 0000: \***                         REFERENCE : BEMFDEC
  23: 0000: \***
  24: 0000: \***	Version A               Mark Walker                  1st November 1993
  25: 0000: \***
  26: 0000: \******************************************************************************
  27: 0000: 
  28: 0000: 	STRING GLOBAL			BEMF.MESSAGE$,			\
  29: 0000: 					BEMF.FILE.NAME$
  30: 0000: 
  31: 0000: 	INTEGER*2 GLOBAL		BEMF.RECL%,			\
  32: 0000: 					BEMF.REPORT.NUM%,		\
  33: 0000: 					BEMF.SESS.NUM%
  34: 0000: 
  35: 0000: 	INTEGER*4 GLOBAL		BEMF.REC.NO%
  36: 0000: 
  37: 0000:         STRING GLOBAL       CURRENT.CODE$
  38: 0000:         STRING GLOBAL       FILE.OPERATION$
  39: 0000: 
  40: 0000:         INTEGER*2 GLOBAL    CURRENT.REPORT.NUM%
  41: 0000:         
  42: 0000: 
  43: 0000:         FUNCTION BEMF.SET PUBLIC
  44: 0014:         
  45: 0014:         BEMF.REPORT.NUM%  = 5
  46: 001d:         BEMF.RECL%        = 79
  47: 0026:         BEMF.FILE.NAME$   = "BEMF"
  48: 0035:         
  49: 0035:         END FUNCTION
  50: 0041:         
  51: 0041:         
  52: 0041:         FUNCTION READ.BEMF PUBLIC
  53: 0055:         
  54: 0055:         INTEGER*1   READ.BEMF
  55: 0055:         
  56: 0055:         READ.BEMF = 1
  57: 0059:         
  58: 0059:         IF END # BEMF.SESS.NUM% THEN FILE.ERROR
  59: 006d:         READ FORM "C79"; # BEMF.SESS.NUM%, BEMF.REC.NO%; BEMF.MESSAGE$
  60: 009f:         
  61: 009f:         READ.BEMF = 0
  62: 00a3:         
  63: 00a3:         EXIT FUNCTION
  64: 00a5: 
  65: 00a5:         
  66: 00a5:         FILE.ERROR:
  67: 00a5:         
  68: 00a5:         FILE.OPERATION$     = "R"
  69: 00b4:         CURRENT.REPORT.NUM% = BEMF.REPORT.NUM%
  70: 00c2:         CURRENT.CODE$       = RIGHT$("00000000000000"+STR$(BEMF.REC.NO%), 14)
  71: 0105:         CURRENT.CODE$       = PACK$(CURRENT.CODE$)
  72: 0120:         
  73: 0120:         END FUNCTION
  74: 012f:         
  75: 012f: End of Compilation
