   1: 0000: \*******************************************************************************
   2: 0000: \*******************************************************************************
   3: 0000: \***
   4: 0000: \***          CSR ON ORDER FILE FUNCTIONS
   5: 0000: \***
   6: 0000: \***          REFERENCE    : ONORDFUN.BAS
   7: 0000: \***
   8: 0000: \*******************************************************************************
   9: 0000: \*******************************************************************************
  10: 0000:                                          
  11: 0000:   INTEGER*2 GLOBAL              \
  12: 0000:      CURRENT.REPORT.NUM%
  13: 0000:      
  14: 0000:   STRING GLOBAL                 \
  15: 0000:      CURRENT.CODE$,             \
  16: 0000:      FILE.OPERATION$
  17: 0000:      
  18: 0000:   %INCLUDE ONORDDEC.J86
  19: 0000: \******************************************************************************
  20: 0000: \******************************************************************************
  21: 0000: \***
  22: 0000: \***         %INCLUDE FOR CSR ON ORDER FILE - FIELD DECLARATIONS
  23: 0000: \***                                          FILE REFERENCE PARAMETERS
  24: 0000: \***
  25: 0000: \***               FILE TYPE    : Keyed     
  26: 0000: \***
  27: 0000: \***               REFERENCE    : ONORDDEC.J86
  28: 0000: \***
  29: 0000: \***               DATE OF LAST AMENDMENT -  09/10/92
  30: 0000: \***
  31: 0000: \******************************************************************************
  32: 0000: \*******************************************************************************
  33: 0000: 
  34: 0000:   STRING GLOBAL                  \
  35: 0000:     ONORD.FILE.NAME$,		 \
  36: 0000:     ONORD.KEY$,                  \ 12byte ASC
  37: 0000:     ONORD.ORDER.DATE$,           \ 6 byte ASC
  38: 0000:     ONORD.LIST.FREQ$,            \ 1 byte ASC
  39: 0000:     ONORD.UNIT.NO$,              \ 2 byte ASC 
  40: 0000:     ONORD.SEQ.NO$,               \ 3 byte ASC 
  41: 0000:     ONORD.HIGHEST.SEQ.NO$,       \ 3 byte ASC 
  42: 0000:     ONORD.FILLER$,               \
  43: 0000:     ONORD.ITEM.CODE$,            \ 7 byte ASC 
  44: 0000:     ONORD.QTY.1$,                \ 3 byte ASC
  45: 0000:     ONORD.QTY.2$,                \ 3 byte ASC 
  46: 0000:     ONORD.CSRITEM.UNDONE.FLAG$,  \ 1 byte ASC "Y" or "N"
  47: 0000:     ONORD.CSRIMF.UNDONE.FLAG$,   \ 1 byte ASC "Y" or "N" 
  48: 0000:     ONORD.DELETED.FLAG$          ! 1 byte ASC "Y" or "N" 
  49: 0000:     
  50: 0000:   INTEGER*2 GLOBAL		 \
  51: 0000:     ONORD.REPORT.NUM%,		 \
  52: 0000:     ONORD.RECL%,		 \
  53: 0000:     ONORD.SESS.NUM%  
  54: 0000:     
  55: 0000:   
  56: 0000:   FUNCTION ONORD.SET PUBLIC
  57: 0014: \***************************
  58: 0014: 
  59: 0014:     ONORD.REPORT.NUM%  = 188      
  60: 001d:     ONORD.RECL% = 32
  61: 0026:     ONORD.FILE.NAME$  = "ONORD"
  62: 0035: 
  63: 0035:   END FUNCTION
  64: 0041: \-----------------------------------------------------------------------------
  65: 0041:                                                                      
  66: 0041:   FUNCTION READ.ONORDER PUBLIC
  67: 0055: \******************************
  68: 0055:   
  69: 0055:     INTEGER*2 READ.ONORDER
  70: 0055:     
  71: 0055:     READ.ONORDER = 1
  72: 005a:     
  73: 005a:     ONORD.KEY$ = ONORD.ORDER.DATE$ + ONORD.LIST.FREQ$ +          \
  74: 0094:                  ONORD.UNIT.NO$ + ONORD.SEQ.NO$
  75: 0094:     IF VAL(ONORD.SEQ.NO$) = 0 THEN BEGIN 
  76: 00c1:        IF END #ONORD.SESS.NUM% THEN READ.ERROR 
  77: 00d5:        READ FORM "T13,C3,C17"; #ONORD.SESS.NUM%                  \
  78: 0115:          KEY ONORD.KEY$;                                         \
  79: 0115:          ONORD.HIGHEST.SEQ.NO$,                                  \
  80: 0115:          ONORD.FILLER$                                           \
  81: 0115:     ENDIF ELSE BEGIN
  82: 0115:        IF END #ONORD.SESS.NUM% THEN READ.ERROR                 
  83: 0129:        READ FORM "T13,C7,C3,C3,C1,C1,C1,C4"; #ONORD.SESS.NUM%    \
  84: 019d:          KEY ONORD.KEY$;                                         \
  85: 019d:          ONORD.ITEM.CODE$,                                       \
  86: 019d:          ONORD.QTY.1$,                                           \
  87: 019d:          ONORD.QTY.2$,                                           \
  88: 019d:          ONORD.CSRITEM.UNDONE.FLAG$,                             \
  89: 019d:          ONORD.CSRIMF.UNDONE.FLAG$,                              \
  90: 019d:          ONORD.DELETED.FLAG$,                                    \
  91: 019d:          ONORD.FILLER$    
  92: 019d:     ENDIF        
  93: 019d:     READ.ONORDER = 0
  94: 01a2:     EXIT FUNCTION
  95: 01a4:     
  96: 01a4:     READ.ERROR:
  97: 01a4:     
  98: 01a4:        CURRENT.CODE$ = ONORD.KEY$
  99: 01ba:        FILE.OPERATION$ = "R"
 100: 01c9:        CURRENT.REPORT.NUM% = ONORD.REPORT.NUM%
 101: 01d7:        
 102: 01d7:        EXIT FUNCTION
 103: 01d9:                  
 104: 01d9:    END FUNCTION                         
 105: 01e8: \-----------------------------------------------------------------------------
 106: 01e8:     
 107: 01e8: 
 108: 01e8:   FUNCTION WRITE.ONORDER PUBLIC
 109: 01fc: \*******************************
 110: 01fc:    
 111: 01fc:       INTEGER*2 WRITE.ONORDER
 112: 01fc:       
 113: 01fc:       WRITE.ONORDER = 1
 114: 0201:          
 115: 0201:       IF VAL(ONORD.SEQ.NO$) = 0 THEN BEGIN
 116: 0231:          ONORD.FILLER$ = STRING$(17," ")        
 117: 0247:          IF END #ONORD.SESS.NUM% THEN WRITE.ERROR
 118: 025b:          WRITE FORM "C6,C1,C2,C3,C3,C17"; #ONORD.SESS.NUM%;     \
 119: 02d0:             ONORD.ORDER.DATE$,                                  \
 120: 02d0:             ONORD.LIST.FREQ$,                                   \
 121: 02d0:             ONORD.UNIT.NO$,                                     \
 122: 02d0:             ONORD.SEQ.NO$,                                      \
 123: 02d0:             ONORD.HIGHEST.SEQ.NO$,                              \
 124: 02d0:             ONORD.FILLER$                                       \
 125: 02d0:       ENDIF ELSE BEGIN                                          
 126: 02d0:          ONORD.FILLER$ = STRING$(4," ")         
 127: 02e6:          IF END #ONORD.SESS.NUM% THEN WRITE.ERROR  
 128: 02fa:          WRITE FORM "C6,C1,C2,C3,C7,C3,C3,C1,C1,C1,C4";         \        
 129: 03bc:             #ONORD.SESS.NUM%;                                   \
 130: 03bc:             ONORD.ORDER.DATE$,                                  \
 131: 03bc:             ONORD.LIST.FREQ$,                                   \
 132: 03bc:             ONORD.UNIT.NO$,                                     \
 133: 03bc:             ONORD.SEQ.NO$,                                      \
 134: 03bc:             ONORD.ITEM.CODE$,                                   \
 135: 03bc:             ONORD.QTY.1$,                                       \
 136: 03bc:             ONORD.QTY.2$,                                       \
 137: 03bc:             ONORD.CSRITEM.UNDONE.FLAG$,                         \
 138: 03bc:             ONORD.CSRIMF.UNDONE.FLAG$,                          \
 139: 03bc:             ONORD.DELETED.FLAG$,                                \
 140: 03bc:             ONORD.FILLER$
 141: 03bc:       ENDIF         
 142: 03bc:       WRITE.ONORDER = 0
 143: 03c1:       EXIT FUNCTION      
 144: 03c3:       
 145: 03c3:       WRITE.ERROR:
 146: 03c3:       
 147: 03c3:          CURRENT.CODE$ = ONORD.ORDER.DATE$
 148: 03d9:          FILE.OPERATION$ = "O"
 149: 03e8:          CURRENT.REPORT.NUM% = ONORD.REPORT.NUM%
 150: 03f6:          
 151: 03f6:          EXIT FUNCTION
 152: 03f8: 
 153: 03f8:    END FUNCTION
 154: 0407: \-----------------------------------------------------------------------------
 155: 0407:    
 156: 0407: 
 157: 0407:   FUNCTION WRITE.ONORDER.HOLD PUBLIC
 158: 041b: \************************************
 159: 041b: 
 160: 041b:       INTEGER*2 WRITE.ONORDER.HOLD
 161: 041b:       
 162: 041b:       WRITE.ONORDER.HOLD = 1
 163: 0420:    
 164: 0420:       IF VAL(ONORD.SEQ.NO$) = 0 THEN BEGIN
 165: 0450:          ONORD.FILLER$ = STRING$(17," ")        
 166: 0466:          IF END #ONORD.SESS.NUM% THEN WRITE.HOLD.ERROR
 167: 047a:          WRITE FORM "C6,C1,C2,C3,C3,C17"; HOLD #ONORD.SESS.NUM%;\
 168: 04ef:             ONORD.ORDER.DATE$,                                  \
 169: 04ef:             ONORD.LIST.FREQ$,                                   \
 170: 04ef:             ONORD.UNIT.NO$,                                     \
 171: 04ef:             ONORD.SEQ.NO$,                                      \
 172: 04ef:             ONORD.HIGHEST.SEQ.NO$,                              \
 173: 04ef:             ONORD.FILLER$                                       \
 174: 04ef:       ENDIF ELSE BEGIN
 175: 04ef:          ONORD.FILLER$ = STRING$(4," ")
 176: 0505:          IF END #ONORD.SESS.NUM% THEN WRITE.HOLD.ERROR
 177: 0519:          WRITE FORM "C6,C1,C2,C3,C7,C3,C3,C1,C1,C1,C4"; HOLD    \        
 178: 05db:             #ONORD.SESS.NUM%;                                   \
 179: 05db:             ONORD.ORDER.DATE$,                                  \
 180: 05db:             ONORD.LIST.FREQ$,                                   \
 181: 05db:             ONORD.UNIT.NO$,                                     \
 182: 05db:             ONORD.SEQ.NO$,                                      \
 183: 05db:             ONORD.ITEM.CODE$,                                   \
 184: 05db:             ONORD.QTY.1$,                                       \
 185: 05db:             ONORD.QTY.2$,                                       \
 186: 05db:             ONORD.CSRITEM.UNDONE.FLAG$,                         \
 187: 05db:             ONORD.CSRIMF.UNDONE.FLAG$,                          \
 188: 05db:             ONORD.DELETED.FLAG$,                                \
 189: 05db:             ONORD.FILLER$
 190: 05db:      ENDIF
 191: 05db:      WRITE.ONORDER.HOLD = 0
 192: 05e0:      EXIT FUNCTION
 193: 05e2:      
 194: 05e2:      WRITE.HOLD.ERROR:
 195: 05e2:      
 196: 05e2:         CURRENT.CODE$ = ONORD.ORDER.DATE$
 197: 05f8:         FILE.OPERATION$ = "O"
 198: 0607:         CURRENT.REPORT.NUM% = ONORD.REPORT.NUM%
 199: 0615:         
 200: 0615:         EXIT FUNCTION
 201: 0617: 
 202: 0617:    END FUNCTION                                                                                           
 203: 0626:                                      
 204: 0626: End of Compilation
