   1: 0000: \*******************************************************************************
   2: 0000: \*******************************************************************************
   3: 0000: \***
   4: 0000: \***           UOD TEMPORARY FILE FUNCTIONS
   5: 0000: \***
   6: 0000: \***           REFERENCE    : UODTFFUN.BAS
   7: 0000: \***
   8: 0000: \*******************************************************************************
   9: 0000: \*******************************************************************************
  10: 0000:                                           
  11: 0000:   INTEGER*2 GLOBAL              \
  12: 0000:      CURRENT.REPORT.NUM%
  13: 0000:      
  14: 0000:   STRING GLOBAL                 \
  15: 0000:      CURRENT.CODE$,             \
  16: 0000:      FILE.OPERATION$
  17: 0000:   
  18: 0000:   %INCLUDE UODTFDEC.J86
  19: 0000: \******************************************************************************
  20: 0000: \******************************************************************************
  21: 0000: \***
  22: 0000: \***      %INCLUDE FOR UODS TEMPORARY FILE
  23: 0000: \***       FILE FIELD DECLARATIONS
  24: 0000: \***       FILE REFERENCE PARAMETERS
  25: 0000: \***
  26: 0000: \***               FILE TYPE    : Sequential
  27: 0000: \***
  28: 0000: \***               REFERENCE    : UODTFDEC.J86
  29: 0000: \***
  30: 0000: \***
  31: 0000: \******************************************************************************
  32: 0000: \*******************************************************************************
  33: 0000: 
  34: 0000:   STRING GLOBAL              \
  35: 0000:     UODTF.FILE.NAME$,	     \
  36: 0000:     UODTF.RECORD$            ! Used to store the whole record 
  37: 0000: 			     			     			     
  38: 0000:   INTEGER*2 GLOBAL	     \
  39: 0000:     UODTF.SESS.NUM%,	     \
  40: 0000:     UODTF.REPORT.NUM%			     
  41: 0000: 			     
  42: 0000:   
  43: 0000:   FUNCTION UODTF.SET PUBLIC
  44: 0014: \***************************
  45: 0014: 
  46: 0014:     UODTF.REPORT.NUM%  = 276
  47: 001d:     UODTF.FILE.NAME$ = "UODTF"
  48: 002c:     
  49: 002c:   END FUNCTION
  50: 0038: \-----------------------------------------------------------------------------
  51: 0038:     
  52: 0038:                                                                      
  53: 0038:   FUNCTION READ.UODTF PUBLIC
  54: 004c: \****************************
  55: 004c: 
  56: 004c:     INTEGER*2 READ.UODTF
  57: 004c:     
  58: 004c:     READ.UODTF = 1
  59: 0051:     
  60: 0051:     IF END #UODTF.SESS.NUM% THEN READ.ERROR
  61: 0065:     READ #UODTF.SESS.NUM%; LINE UODTF.RECORD$
  62: 007e:     READ.UODTF = 0
  63: 0083:     EXIT FUNCTION
  64: 0085:     
  65: 0085:     READ.ERROR:
  66: 0085:     
  67: 0085:        CURRENT.CODE$ = UODTF.RECORD$
  68: 009b:        FILE.OPERATION$ = "R"
  69: 00aa:        CURRENT.REPORT.NUM% = UODTF.REPORT.NUM%
  70: 00b8:        
  71: 00b8:        EXIT FUNCTION
  72: 00ba:                                
  73: 00ba:   END FUNCTION
  74: 00c9: \-----------------------------------------------------------------------------  
  75: 00c9: 
  76: 00c9:   FUNCTION WRITE.UODTF PUBLIC
  77: 00dd: \*****************************
  78: 00dd: 
  79: 00dd:   INTEGER*2 WRITE.UODTF  
  80: 00dd: 
  81: 00dd:   STRING  FORMAT$,                                                   \
  82: 00dd:           STRING.LENGTH$
  83: 00dd: 
  84: 00dd:   WRITE.UODTF = 1         
  85: 00e2: 
  86: 00e2:     STRING.LENGTH$ = STR$(LEN(UODTF.RECORD$))
  87: 0109:     FORMAT$ = "C" + STRING.LENGTH$                                      
  88: 0121:     IF END #UODTF.SESS.NUM% THEN WRITE.ERROR
  89: 0135:     WRITE FORM FORMAT$; #UODTF.SESS.NUM%; UODTF.RECORD$                  
  90: 015b:     WRITE.UODTF = 0
  91: 0160:     EXIT FUNCTION
  92: 0162:     
  93: 0162:     WRITE.ERROR:
  94: 0162:     
  95: 0162:        CURRENT.CODE$ = UODTF.RECORD$
  96: 0178:        FILE.OPERATION$ = "O"
  97: 0187:        CURRENT.REPORT.NUM% = UODTF.REPORT.NUM%
  98: 0195:        
  99: 0195:        EXIT FUNCTION
 100: 0197: 
 101: 0197:   END FUNCTION
 102: 01a6: End of Compilation
